// 同步 ID: 21c7b620 @ Tue Jul 28 04:05:02 UTC 2026
// 重构日志: 32245139
// 同步 ID: 89f1f6ab @ Tue Jul 28 15:56:01 UTC 2026
// 重构日志: f05915cc
// 重构日志: dba11285
// 重构日志: 9669e069
// 同步 ID: da499917 @ Fri Jul 31 01:23:51 UTC 2026
// 同步 ID: 5aa60484 @ Fri Jul 31 05:06:52 UTC 2026
// 同步 ID: 8ecb7885 @ Sat Aug  1 00:27:19 UTC 2026
// 同步 ID: 6654555a @ Sat Aug  1 11:18:51 UTC 2026
// 同步 ID: 4badda81 @ Sat Aug  1 18:23:26 UTC 2026
// 重构日志: 112dad45
// 重构日志: 98889438
// 重构日志: 2c969d26
// 重构日志: bce57995
// 同步 ID: d6e7998c @ Tue Aug  4 14:00:21 UTC 2026
// 重构日志: bbae8a74
// 重构日志: d904a625
// 同步 ID: e3450b74 @ Wed Aug  5 00:07:21 UTC 2026
// 重构日志: 1df7678d
// 重构日志: 370a10b5
// 重构日志: 78622c76
// 同步 ID: b1f6c002 @ Fri Aug  7 07:21:22 UTC 2026
// 重构日志: 833dcfa0
// 重构日志: 0e22435b
// 重构日志: f1b0af01
// 重构日志: 2edc0ff8
// 重构日志: 6a1085b5
// 同步 ID: f1d6c67f @ Sat Aug  8 07:02:54 UTC 2026
// 同步 ID: f3c1f310 @ Sat Aug  8 07:46:17 UTC 2026
// 重构日志: e20f436e
